[0m15:19:20.330245 [debug] [MainThread]: Sending event: {'category': 'dbt', 'action': 'invocation', 'label': 'start', 'context': [<snowplow_tracker.self_describing_json.SelfDescribingJson object at 0x000001CC29D8C730>, <snowplow_tracker.self_describing_json.SelfDescribingJson object at 0x000001CC2BED4850>, <snowplow_tracker.self_describing_json.SelfDescribingJson object at 0x000001CC2BED4580>]}
[0m15:19:20.340022 [debug] [MainThread]: An error was encountered while trying to send an event


============================== 15:19:20.340022 | 6d876bac-5c32-417e-9a9c-7ce293bb4b8b ==============================
[0m15:19:20.340022 [info ] [MainThread]: Running with dbt=1.9.0
[0m15:19:20.340022 [debug] [MainThread]: running dbt with arguments {'printer_width': '80', 'indirect_selection': 'eager', 'write_json': 'True', 'log_cache_events': 'False', 'partial_parse': 'True', 'cache_selected_only': 'False', 'profiles_dir': 'C:\\Users\\anna9.LAPTOP-3Q9P2UFC\\Downloads\\getting-started-with-dbt-on-snowflake-main\\getting-started-with-dbt-on-snowflake-main\\tasty_bytes_dbt_demo', 'debug': 'False', 'version_check': 'True', 'log_path': 'C:\\Users\\anna9.LAPTOP-3Q9P2UFC\\Downloads\\getting-started-with-dbt-on-snowflake-main\\getting-started-with-dbt-on-snowflake-main\\tasty_bytes_dbt_demo\\logs', 'warn_error': 'None', 'fail_fast': 'False', 'use_colors': 'True', 'use_experimental_parser': 'False', 'no_print': 'None', 'quiet': 'False', 'empty': 'None', 'warn_error_options': 'WarnErrorOptions(include=[], exclude=[])', 'invocation_command': 'dbt debug', 'static_parser': 'True', 'log_format': 'default', 'target_path': 'None', 'introspect': 'True', 'send_anonymous_usage_stats': 'True'}
[0m15:19:20.371809 [info ] [MainThread]: dbt version: 1.9.0
[0m15:19:20.371809 [info ] [MainThread]: python version: 3.10.0
[0m15:19:20.371809 [info ] [MainThread]: python path: C:\Users\anna9.LAPTOP-3Q9P2UFC\Downloads\course-main\airbnb\.venv\Scripts\python.exe
[0m15:19:20.371809 [info ] [MainThread]: os info: Windows-10-10.0.26200-SP0
[0m15:19:21.235203 [info ] [MainThread]: Using profiles dir at C:\Users\anna9.LAPTOP-3Q9P2UFC\Downloads\getting-started-with-dbt-on-snowflake-main\getting-started-with-dbt-on-snowflake-main\tasty_bytes_dbt_demo
[0m15:19:21.236206 [info ] [MainThread]: Using profiles.yml file at C:\Users\anna9.LAPTOP-3Q9P2UFC\Downloads\getting-started-with-dbt-on-snowflake-main\getting-started-with-dbt-on-snowflake-main\tasty_bytes_dbt_demo\profiles.yml
[0m15:19:21.237202 [info ] [MainThread]: Using dbt_project.yml file at C:\Users\anna9.LAPTOP-3Q9P2UFC\Downloads\getting-started-with-dbt-on-snowflake-main\getting-started-with-dbt-on-snowflake-main\tasty_bytes_dbt_demo\dbt_project.yml
[0m15:19:21.240442 [info ] [MainThread]: adapter type: snowflake
[0m15:19:21.241549 [info ] [MainThread]: adapter version: 1.9.0
[0m15:19:21.421135 [info ] [MainThread]: Configuration:
[0m15:19:21.421135 [info ] [MainThread]:   profiles.yml file [[32mOK found and valid[0m]
[0m15:19:21.421135 [info ] [MainThread]:   dbt_project.yml file [[32mOK found and valid[0m]
[0m15:19:21.421135 [info ] [MainThread]: Required dependencies:
[0m15:19:21.421135 [debug] [MainThread]: Executing "git --help"
[0m15:19:21.496405 [debug] [MainThread]: STDOUT: "b"usage: git [-v | --version] [-h | --help] [-C <path>] [-c <name>=<value>]\n           [--exec-path[=<path>]] [--html-path] [--man-path] [--info-path]\n           [-p | --paginate | -P | --no-pager] [--no-replace-objects] [--no-lazy-fetch]\n           [--no-optional-locks] [--no-advice] [--bare] [--git-dir=<path>]\n           [--work-tree=<path>] [--namespace=<name>] [--config-env=<name>=<envvar>]\n           <command> [<args>]\n\nThese are common Git commands used in various situations:\n\nstart a working area (see also: git help tutorial)\n   clone      Clone a repository into a new directory\n   init       Create an empty Git repository or reinitialize an existing one\n\nwork on the current change (see also: git help everyday)\n   add        Add file contents to the index\n   mv         Move or rename a file, a directory, or a symlink\n   restore    Restore working tree files\n   rm         Remove files from the working tree and from the index\n\nexamine the history and state (see also: git help revisions)\n   bisect     Use binary search to find the commit that introduced a bug\n   diff       Show changes between commits, commit and working tree, etc\n   grep       Print lines matching a pattern\n   log        Show commit logs\n   show       Show various types of objects\n   status     Show the working tree status\n\ngrow, mark and tweak your common history\n   backfill   Download missing objects in a partial clone\n   branch     List, create, or delete branches\n   commit     Record changes to the repository\n   merge      Join two or more development histories together\n   rebase     Reapply commits on top of another base tip\n   reset      Reset current HEAD to the specified state\n   switch     Switch branches\n   tag        Create, list, delete or verify tags\n\ncollaborate (see also: git help workflows)\n   fetch      Download objects and refs from another repository\n   pull       Fetch from and integrate with another repository or a local branch\n   push       Update remote refs along with associated objects\n\n'git help -a' and 'git help -g' list available subcommands and some\nconcept guides. See 'git help <command>' or 'git help <concept>'\nto read about a specific subcommand or concept.\nSee 'git help git' for an overview of the system.\n""
[0m15:19:21.496909 [debug] [MainThread]: STDERR: "b''"
[0m15:19:21.496909 [info ] [MainThread]:  - git [[32mOK found[0m]

[0m15:19:21.497908 [info ] [MainThread]: Connection:
[0m15:19:21.497908 [info ] [MainThread]:   account: cf63486.us-east-2.aws
[0m15:19:21.499115 [info ] [MainThread]:   user: dbt
[0m15:19:21.499115 [info ] [MainThread]:   database: tasty_bytes_dbt_db
[0m15:19:21.500313 [info ] [MainThread]:   warehouse: tasty_bytes_dbt_wh
[0m15:19:21.501328 [info ] [MainThread]:   role: TRANSFORM
[0m15:19:21.502331 [info ] [MainThread]:   schema: dev
[0m15:19:21.503334 [info ] [MainThread]:   authenticator: None
[0m15:19:21.504331 [info ] [MainThread]:   oauth_client_id: None
[0m15:19:21.506599 [info ] [MainThread]:   query_tag: None
[0m15:19:21.506599 [info ] [MainThread]:   client_session_keep_alive: False
[0m15:19:21.508255 [info ] [MainThread]:   host: None
[0m15:19:21.508255 [info ] [MainThread]:   port: None
[0m15:19:21.509255 [info ] [MainThread]:   proxy_host: None
[0m15:19:21.509255 [info ] [MainThread]:   proxy_port: None
[0m15:19:21.510369 [info ] [MainThread]:   protocol: None
[0m15:19:21.510369 [info ] [MainThread]:   connect_retries: 1
[0m15:19:21.511370 [info ] [MainThread]:   connect_timeout: None
[0m15:19:21.511370 [info ] [MainThread]:   retry_on_database_errors: False
[0m15:19:21.512683 [info ] [MainThread]:   retry_all: False
[0m15:19:21.512683 [info ] [MainThread]:   insecure_mode: False
[0m15:19:21.513683 [info ] [MainThread]:   reuse_connections: True
[0m15:19:21.513683 [info ] [MainThread]: Registered adapter: snowflake=1.9.0
[0m15:19:22.110259 [debug] [MainThread]: Acquiring new snowflake connection 'debug'
[0m15:19:24.419984 [debug] [MainThread]: Using snowflake connection "debug"
[0m15:19:24.419984 [debug] [MainThread]: On debug: select 1 as id
[0m15:19:24.419984 [debug] [MainThread]: Opening a new connection, currently in state init
[0m15:19:24.536930 [debug] [MainThread]: Snowflake adapter: Error running SQL: select 1 as id
[0m15:19:24.536930 [debug] [MainThread]: Snowflake adapter: Rolling back transaction.
[0m15:19:24.536930 [info ] [MainThread]:   Connection test: [[31mERROR[0m]

[0m15:19:24.536930 [info ] [MainThread]: [31m1 check failed:[0m
[0m15:19:24.536930 [info ] [MainThread]: dbt was unable to connect to the specified database.
The database returned the following error:

  >Database Error
  251006: Password is empty

Check your database credentials and try again. For more information, visit:
https://docs.getdbt.com/docs/configure-your-profile


[0m15:19:24.536930 [debug] [MainThread]: Command `dbt debug` failed at 15:19:24.536930 after 4.31 seconds
[0m15:19:24.536930 [debug] [MainThread]: Connection 'debug' was left open.
[0m15:19:24.536930 [debug] [MainThread]: On debug: No close available on handle
[0m15:19:24.536930 [debug] [MainThread]: Sending event: {'category': 'dbt', 'action': 'invocation', 'label': 'end', 'context': [<snowplow_tracker.self_describing_json.SelfDescribingJson object at 0x000001CC29D8C730>, <snowplow_tracker.self_describing_json.SelfDescribingJson object at 0x000001CC2C692C20>, <snowplow_tracker.self_describing_json.SelfDescribingJson object at 0x000001CC2C7D9C60>]}
[0m15:19:24.536930 [debug] [MainThread]: An error was encountered while trying to send an event
[0m15:19:24.536930 [debug] [MainThread]: Flushing usage events
